

                                        BONUS  REPORT       PAGE 01   07/16/2013

          TERRITORY -- 01

                    OFFICE -- 01


          EMPLOYEE NAME       BONUS

      ADAMSON                 $ 4,000.00

      BAKER

      CARTWELL

      DORSEY                  $ 4,500.00

      HAMMOND

      NOLTE                   $ 4,500.00

      REDFORD

      JOHNKE                  $ 5,500.00

      WHITE

      MARSHALL

                                        BONUS  REPORT       PAGE 02   07/16/2013

          TERRITORY -- 01

                    OFFICE -- 02


          EMPLOYEE NAME       BONUS

      EISEN

      SAGER

      STERN

      SUMMERS

      JONES

      JOHNSON

      NOLAN                   $ 4,475.00

      CANTWELL                $ 6,825.00

      SMITH                   $ 7,500.00

      HAMMEL                  $ 5,910.00

                                        BONUS  REPORT       PAGE 03   07/16/2013

          TERRITORY -- 02

                    OFFICE -- 01


          EMPLOYEE NAME       BONUS

      RAMIREZ

      WASHINGTON

      JAMES

      LYONS

      GREGORY

      LINCOLN

      NEWMAN

      CARTWELL

      DREYFUS

      LOPEZ

                                        BONUS  REPORT       PAGE 04   07/16/2013

          TERRITORY -- 02

                    OFFICE -- 02


          EMPLOYEE NAME       BONUS

      FRANKLIN

      FORTE

      BYRON                   $ 5,560.10

      KEATS

      SOMTER                  $ 7,161.30

      PITERIS                 $ 4,500.00

      SIMOS

      ASHLEY

      BUTTERFIELD

      CALIOPIS

                                        BONUS  REPORT       PAGE 05   07/16/2013

          TERRITORY -- 03

                    OFFICE -- 01


          EMPLOYEE NAME       BONUS

      DESEREY

      FIELDSON

      GALAGHER

      HOUSTONS

      JACKSON                 $ 8,700.00

      KENDERSON               $ 3,600.00

      LIPSTERS

      MANATARIS

      NICHOLSON

      OBERTON                 $ 7,500.00

                                        BONUS  REPORT       PAGE 06   07/16/2013

          TERRITORY -- 03

                    OFFICE -- 02


          EMPLOYEE NAME       BONUS

      PETERS

      ROBERTS

      SERGIS                  $ 8,700.00

      TUCKERSON

      VRICOLICSON

      MACALUSO

      KORNS                   $ 6,000.00

      OKINS                   $ 7,560.00

      FRIEDMAN                $ 8,950.00

      SANTOS                  $ 4,710.00